dinit: no-command: service command not specified.
